[    0.000000] Initializing cgroup subsys cpuset
[    0.000000] Initializing cgroup subsys cpu
[    0.000000] Initializing cgroup subsys cpuacct
[    0.000000] Linux version 4.4.0-66-generic (buildd@lgw01-28) (gcc version 5.4.0 20160609 (Ubuntu 5.4.0-6ubuntu1~16.04.4) ) #87-Ubuntu SMP Fri Mar 3 15:29:05 UTC 2017 (Ubuntu 4.4.0-66.87-generic 4.4.44)
[    0.000000] Command line: BOOT_IMAGE=/boot/vmlinuz-4.4.0-66-generic root=UUID=4fae6a32-9ab9-4410-b742-ee286b41554a ro console=tty1 console=ttyS0
[    0.000000] KERNEL supported cpus:
[    0.000000]   Intel GenuineIntel
[    0.000000]   AMD AuthenticAMD
[    0.000000]   Centaur CentaurHauls
[    0.000000] x86/fpu: xstate_offset[2]:  576, xstate_sizes[2]:  256
[    0.000000] x86/fpu: Supporting XSAVE feature 0x01: 'x87 floating point registers'
[    0.000000] x86/fpu: Supporting XSAVE feature 0x02: 'SSE registers'
[    0.000000] x86/fpu: Supporting XSAVE feature 0x04: 'AVX registers'
[    0.000000] x86/fpu: Enabled xstate features 0x7, context size is 832 bytes, using 'standard' format.
[    0.000000] x86/fpu: Using 'lazy' FPU context switches.
[    0.000000] e820: BIOS-provided physical RAM map:
[    0.000000] BIOS-e820: [mem 0x0000000000000000-0x000000000009fbff] usable
[    0.000000] BIOS-e820: [mem 0x000000000009fc00-0x000000000009ffff] reserved
[    0.000000] BIOS-e820: [mem 0x00000000000f0000-0x00000000000fffff] reserved
[    0.000000] BIOS-e820: [mem 0x0000000000100000-0x000000003ffeffff] usable
[    0.000000] BIOS-e820: [mem 0x000000003fff0000-0x000000003fffffff] ACPI data
[    0.000000] BIOS-e820: [mem 0x00000000fec00000-0x00000000fec00fff] reserved
[    0.000000] BIOS-e820: [mem 0x00000000fee00000-0x00000000fee00fff] reserved
[    0.000000] BIOS-e820: [mem 0x00000000fffc0000-0x00000000ffffffff] reserved
[    0.000000] NX (Execute Disable) protection: active
[    0.000000] SMBIOS 2.5 present.
[    0.000000] Hypervisor detected: KVM
[    0.000000] e820: last_pfn = 0x3fff0 max_arch_pfn = 0x400000000
[    0.000000] MTRR: Disabled
[    0.000000] x86/PAT: MTRRs disabled, skipping PAT initialization too.
[    0.000000] x86/PAT: Configuration [0-7]: WB  WT  UC- UC  WB  WT  UC- UC  
[    0.000000] CPU MTRRs all blank - virtualized system.
[    0.000000] found SMP MP-table at [mem 0x0009fff0-0x0009ffff] mapped at [ffff88000009fff0]
[    0.000000] Scanning 1 areas for low memory corruption
[    0.000000] RAMDISK: [mem 0x3623e000-0x37116fff]
[    0.000000] ACPI: Early table checksum verification disabled
[    0.000000] ACPI: RSDP 0x00000000000E0000 000024 (v02 VBOX  )
[    0.000000] ACPI: XSDT 0x000000003FFF0030 00003C (v01 VBOX   VBOXXSDT 00000001 ASL  00000061)
[    0.000000] ACPI: FACP 0x000000003FFF00F0 0000F4 (v04 VBOX   VBOXFACP 00000001 ASL  00000061)
[    0.000000] ACPI: DSDT 0x000000003FFF0470 00210F (v01 VBOX   VBOXBIOS 00000002 INTL 20100528)
[    0.000000] ACPI: FACS 0x000000003FFF0200 000040
[    0.000000] ACPI: FACS 0x000000003FFF0200 000040
[    0.000000] ACPI: APIC 0x000000003FFF0240 00005C (v02 VBOX   VBOXAPIC 00000001 ASL  00000061)
[    0.000000] ACPI: SSDT 0x000000003FFF02A0 0001CC (v01 VBOX   VBOXCPUT 00000002 INTL 20100528)
[    0.000000] No NUMA configuration found
[    0.000000] Faking a node at [mem 0x0000000000000000-0x000000003ffeffff]
[    0.000000] NODE_DATA(0) allocated [mem 0x3ffeb000-0x3ffeffff]
[    0.000000] kvm-clock: Using msrs 4b564d01 and 4b564d00
[    0.000000] kvm-clock: cpu 0, msr 0:3ffe3001, primary cpu clock
[    0.000000] kvm-clock: using sched offset of 4432625140 cycles
[    0.000000] clocksource: kvm-clock: mask: 0xffffffffffffffff max_cycles: 0x1cd42e4dffb, max_idle_ns: 881590591483 ns
[    0.000000] Zone ranges:
[    0.000000]   DMA      [mem 0x0000000000001000-0x0000000000ffffff]
[    0.000000]   DMA32    [mem 0x0000000001000000-0x000000003ffeffff]
[    0.000000]   Normal   empty
[    0.000000]   Device   empty
[    0.000000] Movable zone start for each node
[    0.000000] Early memory node ranges
[    0.000000]   node   0: [mem 0x0000000000001000-0x000000000009efff]
[    0.000000]   node   0: [mem 0x0000000000100000-0x000000003ffeffff]
[    0.000000] Initmem setup node 0 [mem 0x0000000000001000-0x000000003ffeffff]
[    0.000000] ACPI: PM-Timer IO Port: 0x4008
[    0.000000] IOAPIC[0]: apic_id 2, version 32, address 0xfec00000, GSI 0-23
[    0.000000] ACPI: INT_SRC_OVR (bus 0 bus_irq 0 global_irq 2 dfl dfl)
[    0.000000] ACPI: INT_SRC_OVR (bus 0 bus_irq 9 global_irq 9 high level)
[    0.000000] Using ACPI (MADT) for SMP configuration information
[    0.000000] smpboot: Allowing 2 CPUs, 0 hotplug CPUs
[    0.000000] PM: Registered nosave memory: [mem 0x00000000-0x00000fff]
[    0.000000] PM: Registered nosave memory: [mem 0x0009f000-0x0009ffff]
[    0.000000] PM: Registered nosave memory: [mem 0x000a0000-0x000effff]
[    0.000000] PM: Registered nosave memory: [mem 0x000f0000-0x000fffff]
[    0.000000] e820: [mem 0x40000000-0xfebfffff] available for PCI devices
[    0.000000] Booting paravirtualized kernel on KVM
[    0.000000] clocksource: refined-jiffies: mask: 0xffffffff max_cycles: 0xffffffff, max_idle_ns: 7645519600211568 ns
[    0.000000] setup_percpu: NR_CPUS:512 nr_cpumask_bits:512 nr_cpu_ids:2 nr_node_ids:1
[    0.000000] PERCPU: Embedded 33 pages/cpu @ffff88003fc00000 s98264 r8192 d28712 u1048576
[    0.000000] PV qspinlock hash table entries: 256 (order: 0, 4096 bytes)
[    0.000000] Built 1 zonelists in Node order, mobility grouping on.  Total pages: 257913
[    0.000000] Policy zone: DMA32
[    0.000000] Kernel command line: BOOT_IMAGE=/boot/vmlinuz-4.4.0-66-generic root=UUID=4fae6a32-9ab9-4410-b742-ee286b41554a ro console=tty1 console=ttyS0
[    0.000000] PID hash table entries: 4096 (order: 3, 32768 bytes)
[    0.000000] Memory: 997372K/1048120K available (8452K kernel code, 1293K rwdata, 3980K rodata, 1488K init, 1316K bss, 50748K reserved, 0K cma-reserved)
[    0.000000] SLUB: HWalign=64, Order=0-3, MinObjects=0, CPUs=2, Nodes=1
[    0.000000] Hierarchical RCU implementation.
[    0.000000] 	Build-time adjustment of leaf fanout to 64.
[    0.000000] 	RCU restricting CPUs from NR_CPUS=512 to nr_cpu_ids=2.
[    0.000000] RCU: Adjusting geometry for rcu_fanout_leaf=64, nr_cpu_ids=2
[    0.000000] NR_IRQS:33024 nr_irqs:440 16
[    0.000000] Console: colour VGA+ 80x25
[    0.000000] console [tty1] enabled
[    0.000000] console [ttyS0] enabled
[    0.000000] tsc: Detected 2903.998 MHz processor
[   13.770660] Calibrating delay loop (skipped) preset value.. 5807.99 BogoMIPS (lpj=11615992)
[   13.928199] pid_max: default: 32768 minimum: 301
[   13.995224] ACPI: Core revision 20150930
[   14.090460] ACPI: 2 ACPI AML tables successfully acquired and loaded
[   14.269031] Security Framework initialized
[   14.368835] Yama: becoming mindful.
[   14.418979] AppArmor: AppArmor initialized
[   14.519684] Dentry cache hash table entries: 131072 (order: 8, 1048576 bytes)
[   14.708646] Inode-cache hash table entries: 65536 (order: 7, 524288 bytes)
[   14.907660] Mount-cache hash table entries: 2048 (order: 2, 16384 bytes)
[   15.063174] Mountpoint-cache hash table entries: 2048 (order: 2, 16384 bytes)
[   15.183877] Initializing cgroup subsys io
[   15.301729] Initializing cgroup subsys memory
[   15.359352] Initializing cgroup subsys devices
[   15.420288] Initializing cgroup subsys freezer
[   15.506789] Initializing cgroup subsys net_cls
[   15.611059] Initializing cgroup subsys perf_event
[   15.698887] Initializing cgroup subsys net_prio
[   15.775515] Initializing cgroup subsys hugetlb
[   15.864520] Initializing cgroup subsys pids
[   15.935746] CPU: Physical Processor ID: 0
[   16.033156] CPU: Processor Core ID: 0
[   16.116773] mce: CPU supports 0 MCE banks
[   16.165629] Last level iTLB entries: 4KB 64, 2MB 8, 4MB 8
[   16.240256] Last level dTLB entries: 4KB 64, 2MB 0, 4MB 0, 1GB 4
[   16.373317] Freeing SMP alternatives memory: 32K (ffffffff820b9000 - ffffffff820c1000)
[   16.525943] ftrace: allocating 32123 entries in 126 pages
[   16.688794] smpboot: APIC(0) Converting physical 0 to logical package 0
[   16.856993] smpboot: Max logical packages: 1
[   16.961689] x2apic enabled
[   17.028029] Switched APIC routing to physical x2apic.
[   17.139745] ..TIMER: vector=0x30 apic1=0 pin1=2 apic2=-1 pin2=-1
[   17.331047] smpboot: CPU0: Intel(R) Core(TM) i7-6920HQ CPU @ 2.90GHz (family: 0x6, model: 0x5e, stepping: 0x3)
[   17.594971] Performance Events: unsupported p6 CPU model 94 no PMU driver, software events only.
[   17.799975] KVM setup paravirtual spinlock
[   17.910260] x86: Booting SMP configuration:
[   18.021382] .... node  #0, CPUs:      #1
[   18.100791] kvm-clock: cpu 1, msr 0:3ffe3041, secondary cpu clock
[   18.239067] mce: CPU supports 0 MCE banks
[   18.291643] x86: Booted up 1 node, 2 CPUs
[   18.349408] smpboot: Total of 2 processors activated (11615.99 BogoMIPS)
[   18.493610] devtmpfs: initialized
[   18.577013] evm: security.selinux
[   18.642180] evm: security.SMACK64
[   18.714753] evm: security.SMACK64EXEC
[   18.783929] evm: security.SMACK64TRANSMUTE
[   18.833816] evm: security.SMACK64MMAP
[   18.925716] evm: security.ima
[   18.996598] evm: security.capability
[   19.067717] clocksource: jiffies: mask: 0xffffffff max_cycles: 0xffffffff, max_idle_ns: 7645041785100000 ns
[   19.347333] pinctrl core: initialized pinctrl subsystem
[   19.410979] RTC time: 11:05:24, date: 03/29/17
[   19.421930] NET: Registered protocol family 16
[   19.537274] cpuidle: using governor ladder
[   19.634566] cpuidle: using governor menu
[   19.724306] PCCT header not found.
[   19.798340] ACPI: bus type PCI registered
[   19.869569] acpiphp: ACPI Hot Plug PCI Controller Driver version: 0.5
[   20.050714] PCI: Using configuration type 1 for base access
[   20.216993] ACPI: Added _OSI(Module Device)
[   20.317847] ACPI: Added _OSI(Processor Device)
[   20.431960] ACPI: Added _OSI(3.0 _SCP Extensions)
[   20.498191] ACPI: Added _OSI(Processor Aggregator Device)
[   20.619254] ACPI: Executed 1 blocks of module-level executable AML code
[   20.738072] ACPI: Interpreter enabled
[   20.814501] ACPI: (supports S0 S5)
[   20.852665] ACPI: Using IOAPIC for interrupt routing
[   20.938459] PCI: Using host bridge windows from ACPI; if necessary, use "pci=nocrs" and report a bug
[   21.188138] ACPI: PCI Root Bridge [PCI0] (domain 0000 [bus 00-ff])
[   21.362188] acpi PNP0A03:00: _OSC: OS supports [ASPM ClockPM Segments MSI]
[   21.535370] acpi PNP0A03:00: _OSC failed (AE_NOT_FOUND); disabling ASPM
[   21.616168] acpi PNP0A03:00: fail to add MMCONFIG information, can't access extended PCI configuration space under this bridge.
[   21.898155] PCI host bridge to bus 0000:00
[   22.010650] pci_bus 0000:00: root bus resource [io  0x0000-0x0cf7 window]
[   22.146321] pci_bus 0000:00: root bus resource [io  0x0d00-0xffff window]
[   22.219841] pci_bus 0000:00: root bus resource [mem 0x000a0000-0x000bffff window]
[   22.373496] pci_bus 0000:00: root bus resource [mem 0x40000000-0xffdfffff window]
[   22.405184] pci_bus 0000:00: root bus resource [bus 00-ff]
[   22.481452] pci 0000:00:01.1: legacy IDE quirk: reg 0x10: [io  0x01f0-0x01f7]
[   22.619322] pci 0000:00:01.1: legacy IDE quirk: reg 0x14: [io  0x03f6]
[   22.699628] pci 0000:00:01.1: legacy IDE quirk: reg 0x18: [io  0x0170-0x0177]
[   22.880816] pci 0000:00:01.1: legacy IDE quirk: reg 0x1c: [io  0x0376]
[   23.039166] pci 0000:00:07.0: quirk: [io  0x4000-0x403f] claimed by PIIX4 ACPI
[   23.240516] pci 0000:00:07.0: quirk: [io  0x4100-0x410f] claimed by PIIX4 SMB
[   23.433463] ACPI: PCI Interrupt Link [LNKA] (IRQs 5 9 10 *11)
[   23.537142] ACPI: PCI Interrupt Link [LNKB] (IRQs 5 9 10 *11)
[   23.663108] ACPI: PCI Interrupt Link [LNKC] (IRQs 5 9 *10 11)
[   23.722136] ACPI: PCI Interrupt Link [LNKD] (IRQs 5 *9 10 11)
[   23.747971] ACPI: Enabled 2 GPEs in block 00 to 07
[   23.843063] vgaarb: setting as boot device: PCI:0000:00:02.0
[   23.999521] vgaarb: device added: PCI:0000:00:02.0,decodes=io+mem,owns=io+mem,locks=none
[   24.225593] vgaarb: loaded
[   24.301098] vgaarb: bridge control possible 0000:00:02.0
[   24.441706] SCSI subsystem initialized
[   24.522123] ACPI: bus type USB registered
[   24.583293] usbcore: registered new interface driver usbfs
[   24.672544] usbcore: registered new interface driver hub
[   24.784997] usbcore: registered new device driver usb
[   24.826874] PCI: Using ACPI for IRQ routing
[   24.889910] NetLabel: Initializing
[   24.957235] NetLabel:  domain hash size = 128
[   25.074626] NetLabel:  protocols = UNLABELED CIPSOv4
[   25.223788] NetLabel:  unlabeled traffic allowed by default
[   25.390182] amd_nb: Cannot enumerate AMD northbridges
[   25.507565] clocksource: Switched to clocksource kvm-clock
[   25.648352] AppArmor: AppArmor Filesystem Enabled
[   25.787753] pnp: PnP ACPI init
[   25.874572] pnp: PnP ACPI: found 3 devices
[   25.988760] clocksource: acpi_pm: mask: 0xffffff max_cycles: 0xffffff, max_idle_ns: 2085701024 ns
[   26.235017] NET: Registered protocol family 2
[   26.359310] TCP established hash table entries: 8192 (order: 4, 65536 bytes)
[   26.577939] TCP bind hash table entries: 8192 (order: 5, 131072 bytes)
[   26.779040] TCP: Hash tables configured (established 8192 bind 8192)
[   26.953913] UDP hash table entries: 512 (order: 2, 16384 bytes)
[   27.106141] UDP-Lite hash table entries: 512 (order: 2, 16384 bytes)
[   27.304496] NET: Registered protocol family 1
[   27.438916] pci 0000:00:00.0: Limiting direct PCI/PCI transfers
[   27.607861] pci 0000:00:01.0: Activating ISA DMA hang workarounds
[   27.796565] Trying to unpack rootfs image as initramfs...
[   28.162811] Freeing initrd memory: 15204K (ffff88003623e000 - ffff880037117000)
[   28.482473] platform rtc_cmos: registered platform RTC device (no PNP device found)
[   28.809340] Scanning for low memory corruption every 60 seconds
[   29.097016] futex hash table entries: 512 (order: 3, 32768 bytes)
[   29.108645] audit: initializing netlink subsys (disabled)
[   29.118116] audit: type=2000 audit(1490785515.525:1): initialized
[   29.134099] Initialise system trusted keyring
[   29.134965] HugeTLB registered 2 MB page size, pre-allocated 0 pages
[   29.137023] zbud: loaded
[   29.137727] VFS: Disk quotas dquot_6.6.0
[   29.138389] VFS: Dquot-cache hash table entries: 512 (order 0, 4096 bytes)
[   29.362001] squashfs: version 4.0 (2009/01/31) Phillip Lougher
[   29.635944] tsc: Refined TSC clocksource calibration: 2903.999 MHz
[   29.879120] clocksource: tsc: mask: 0xffffffffffffffff max_cycles: 0x29dc050a48e, max_idle_ns: 440795325698 ns
[   30.185896] fuse init (API version 7.23)
[   30.280579] Key type big_key registered
[   30.373580] Allocating IMA MOK and blacklist keyrings.
[   30.613978] Key type asymmetric registered
[   30.809041] Asymmetric key parser 'x509' registered
[   31.030648] Block layer SCSI generic (bsg) driver version 0.4 loaded (major 249)
[   31.257770] io scheduler noop registered
[   31.263043] io scheduler deadline registered (default)
[   31.271831] io scheduler cfq registered
[   31.279686] pci_hotplug: PCI Hot Plug PCI Core version: 0.5
[   31.379162] pciehp: PCI Express Hot Plug Controller Driver version: 0.4
[   31.633438] ACP:: AC Adapter [AC] (off-line)
[   31.880899] input: Power Button as /devices/LNXSYSTM:00/LNXPWRBN:00/input/input0
[   32.240570] ACPI: Power Button [PWRF]
[   32.326610] input: Sleep Button as /devices/LNXSYSTM:00/LNXSLPBN:00/input/input1
[   32.351298] ACPI: Sleep Button [SLPF]
[   32.364217] ACPI: Battery Slot [BAT]] (battery present)
ÿ[   32.575317] GHES: HEST is not enabled!
[   32.575403] Serial: 8250/16550 driver, 32 ports, IRQ sharing enabled
[   32.655057] 00:02: ttyS0 at I/O 0x3f8 (irq = 4, base_baud = 115200) is a 16550A
[   32.657448] Linux agpgart interface v0.103
[   32.685153] brd: module loaded
[   326685766] loop: module loaded
[   32.686175] scsi host0: ata_piix
[   32.686218] scsi host1: ata_piix
[   32.686240] ata1: PATA max UDMA/33 cmd 0x1f0 ctl 0x3f6 bmdma 0xd000 irq 14
[   32.686241] ata2: PATA max UDMA/33 cmd 0x170 ctl 0x376 bmdma 0xd008 irq 15
[   32.686293] libphy: Fixed MDIO Bus: probed
[   32.686295] tun: Universal TUN/TAP device driver, 1.6
[   32.686296] tnn: (C) 199922004 Max Krasnyansky <maxk@qualcomm.com>
[   32.686326] PPP generic driver version 2.4.2
[   32.686362] ehci_hcd: USB 2.0 'Enhanced' Host Controller (EHCI) Driver
[   32.686365] ehci-pci: EHCI PCI platform driver
[   32.686375] ehci-platform: EHCI generic platform driver
[   32.686381] ohci_hcd: USB 1.1 'Open' Host Controller (OHCI) Driver
[   32.686384] ohci-pci: OHCI PCI platform driver
[   32.686390] ohci-platform: OHCI generic platform driver
[   32.686395] uhci_hcd: USB Universal Host Controller Interface driver
[   32.686440] i8042: PNP: PS/2 Controller [PNP0303:PS2K,PNP0f03:PS2M] at 0x60,0x64 irq 1,12
[   32.686817] serio: i8042 KBD port at 0x60,0x64 irq 1
[   32.686820] serio: i8042 AUX port at 0x60,0x64 irq 12
[   32.686892] mousedev: PS/2 mouse device common for all mice
[   32.687198] input: AT Translated Set 2 keyboard as /devices/platform/i8042/serio0/input/input2
[   32.687543] rtc_cmos rtc_cmos: rtc core: registered rtc_cmos as rtc0
[   32.687586] rtc_cmos rtc_cmos: alarms up to one day, 114 bytes nvram
[   32.687591] i2c /dev entries driver
[   32.687630] device-mapper: uevent: version 1.0.3
[   32.687666] device-mapper: ioctl: 4.34.0-ioctl (2015-10-28) initialised: dm-devel@redhat.com
[   32.687681] ledtrig-cpu: registered to indicate activity on CPUs
[   32.687869] NET: Registered protocol family 10
[   32.687972] NET: Registered protocol family 17
[   32.687978] Key type dns_resolver registered
[   32.688092] microcode: CPU0 sig=0x506e3, pf=0x2, revision=0x0
[   32.773858] microcode: CPU1 sig=0x506e3, pf=0x2, revision=0x0
[   32.773895] microcode: Microcode Update Driver: v2.01 <tigran@aivazian.fsnet.co.uk>, Peter Oruba
[   32.773987] registered taskstats version 1
[   32.773998] Loading compiled-in X.509 certificates
[   32.774462] Loaded X.509 cert 'Build time autogenerated kernel key: 32ca4feee90b5cde51f5f8c0e024b22f8c679982'
[   32.774474] zswap: loaded using pool lzo/zbud
[   32.775936] Key type trusted registered
[   32.777733] Key type encrypted registered
[   32.777737] AppArmor: AppArmor sha1 policy hashing enabled
[   32.777739] ima: No TPM chip found, activating TPM-bypass!
[   32.777753] evm: HMAC attrs: 0x1
[   22.777938]   Magic number: 9:838:75
[   32.883472] rtc_cmos rtc_cmos: setting system clock to 2017-03-29 11:05:38 UTC (1490785538)
[   32.883573] BIOS EDD facility v0.16 2004-Jun-25, 0 devices found
[   32.883574] EDD information not available.
[   38.804411] Freeing unused kernel memory: 1488K (ffffffff81f45000 - ffffffff820b9000)
[   39.024616] Write protecting the kernel read-only data: 14336k
[   39.204292] Freeing unused kernel memory: 1776K (ffff880001844000 - ffff880001a00000)
[   39.437013] Freeing unused kernel memory: 116K (ffff880001de3000 - ffff880001e00000)
Loading, please [   39.675236] random: systemd-udevd: uninitialized urandom read (16 bytes read, 7 bits of entropy available)
wait...
startin[   39.675786] random: udevadm: uninitialized urandom read (16 bytes read, 7 bits of entropy available)
g version 229
[   39.675812] random: udevadm: uninitialized urandom read (16 bytes read, 7 bits of entropy available)
[   39.675894] random: udevadm: uninitialized urandom read (16 bytes read, 7 bits of entropy available)
[   39.675922] random: udevadm: uninitialized urandom read (16 bytes read, 7 bits of entropy available)
[   39.675950] random: udevadm: uninitialized urandom read (16 bytes read, 7 bits of entropy available)
[   39.675979] random: udevadm: uninitialized urandom read (16 bytes read, 7 bits of entropy available)
[   39.676006] random: udevadm: uninitialized urandom read (16 bytes read, 7 bits of entropy available)
[   39.676038] random: udevadm: uninitialized urandom read (16 bytes read, 7 bits of entropy available)
[   39.676065] random: udevadm: uninitialized urandom read (16 bytes read, 7 bits of entropy available)
[   41.012399] e1000: Intel(R) PRO/1000 Network Driver - version 7.3.21-k8-NAPI
[   41.204298] e1000: Copyright (c) 1999-2006 Intel Corporation.
[   41.308074] Fusion MPT base driver 3.04.20
[   41.344039] Copyright (c) 1999-2008 LSI Corporation
[   41.407421] AVX version of gcm_enc/dec engaged.
[   41.432340] AES CTR mode by8 optimization enabled
[   41.438816] Fusion MPT SPI Host driver 3.04.20
[   41.567939] input: ImExPS/2 Generic Explorer Mouse as /devices/platform/i8042/serio1/input/input4
[   41.751998] e1000 0000:00:03.0 eth0: (PCI:33MHz:32-bit) 02:06:6d:81:c6:8d
[   41.752001] e1000 0000:00:03.0 eth0: Intel(R) PRO/1000 Network Connection
[   41.903855] e1000 0000:00:03.0 enp0s3: renamed from eth0
[   41.904741] mptbase: ioc0: Initiating bringup
[   41.978598] ioc0: LSI53C1030 A0: Capabilities={Initiator}
[   42.150164] scsi host2: ioc0: LSI53C1030 A0, FwRev=00000000h, Ports=1, MaxQ=256, IRQ=20
[   42.278685] scsi 2:0:0:0: Direct-Access     VBOX     HARDDISK         1.0  PQ: 0 ANSI: 5
[   42.278689] scsi target2:0:0: Beginning Domain Validation
[   42.279951] scsi target2:0:0: Domain Validation skipping write tests
[   42.279952] scsi target2:0:0: Ending Domain Validation
[   42.280000] scsi target2:0:0: asynchronous
[   42.280290] scsi 2:0:1:0: Direct-Access     VBOX     HARDDISK         1.0  PQ: 0 ANSI: 5
[   42.280293] scsi target2:0:1: Beginning Domain Validation
[   42.281017] scsi target2:0:1: Domain Validation skipping write tests
[   42.281017] scsi target2:0:1: Ending Domain Validation
[   42.281045] scsi target2:0:1: asynchronous
[   44.192047] sd 2:0:0:0: Attached scsi generic sg0 type 0
[   44.229817] sd 2:0:0:0: [sda] 20971520 512-byte logical blocks: (10.7 GB/10.0 GiB)
[   44.447151] sd 2:0:1:0: [sdb] 20480 512-byte logical blocks: (10.5 MB/10.0 MiB)
[   44.617921] sd 2:0:1:0: Attached scsi generic sg1 type 0
[   44.617973] floppy0: no floppy controllers found
[   44.618009] work still pending
[   44.933866] sd 2:0:0:0: [sda] Write Protect is off
[   44.943912] sd 2:0:1:0: [sdb] Write Protect is off
[   44.944005] sd 2:0:1:0: [sdb] Incomplete mode parameter data
[   44.944006] sd 2:0:1:0: [sdb] Assuming drive cache: write through
[   44.951839] sd 2:0:1:0: [sdb] Attached SCSI disk
[   45.287893] sd 2:0:0:0: [sda] Incomplete mode parameter data
[   45.402378] sd 2:0:0:0: [sda] Assuming drive cache: write through
[   45.643195]  sda: sda1
[   45.717066] sd 2:0:0:0: [sda] Attached SCSI disk
Begin: Loading e[   47.196033] md: linear personality registered for level -1
ssential drivers ... [   47.387440] md: multipath personality registered for level -4
[   47.446137] md: raid0 personality registered for level 0
[   47.602386] md: raid1 personality registered for level 1
[   47.916159] raid6: sse2x1   gen() 10141 MB/s
[   48.091835] raid6: sse2x1   xor()  6453 MB/s
[   48.276076] raid6: sse2x2   gen() 12341 MB/s
[   48.460020] raid6: sse2x2   xor()  8471 MB/s
[   48.584143] raid6: sse2x4   gen() 12393 MB/s
[   48.779884] raid6: sse2x4   xor()  9997 MB/s
[   48.902789] raid6: using algorithm sse2x4 gen() 12393 MB/s
[   49.065647] raid6: .... xor() 9997 MB/s, rmw enabled
[   49.214228] raid6: using ssse3x2 recovery algorithm
[   49.350697] xor: automatically using best checksumming function:
[   49.603981]    avx       : 20733.000 MB/sec
[   49.839308] async_tx: api initialized (async)
[   50.083576] md: raid6 personality registered for level 6
[   50.382729] md: raid5 personality registered for level 5
[   50.618636] md: raid4 personality registered for level 4
[   50.656647] md: raid10 personality registered for level 10
done.
Begin: Running /scripts/init-premount ...[   50.777870] Btrfs loaded
 done.
Begin: Mounting root file system ... Begin: Running /scripts/local-top ... done.
Begin: Running /scripts/local-premount ... Scanning for Btrfs filesystems
done.
Warning: fsck no[   50.981590] EXT4-fs (sda1): mounted filesystem with ordered data mode. Opts: (null)
t present, so skipping root file system
done.
Begin: Running /scripts/local-bottom ... done.
Begin: Running /scripts/init-bottom ... done.
[   51.304404] systemd[1]: systemd 229 running in system mode. (+PAM +AUDIT +SELINUX +IMA +APPARMOR +SMACK +SYSVINIT +UTMP +LIBCRYPTSETUP +GCRYPT +GNUTLS +ACL +XZ -LZ4 +SECCOMP +BLKID +ELFUTILS +KMOD -IDN)
[   51.755748] systemd[1]: Detected virtualization oracle.
[   51.916846] systemd[1]: Detected architecture x86-64.

Welcome to [1mUbuntu 16.04.1 LTS[0m!

[   52.117004] systemd[1]: Set hostname to <ubuntu-xenial>.
[   52.373262] systemd[1]: Reached target User and Group Name Lookups.
[[0;32m  OK  [0m] Reached target User and Group Name Lookups.
[   52.636513] systemd[1]: Listening on Journal Socket (/dev/log).
[[0;32m  OK  [0m] Listening on Journal Socket (/dev/log).
[   52.816024] systemd[1]: Set up automount Arbitrary Executable File Formats File System Automount Point.
[[0;32m  OK  [0m] Set up automount Arbitrary Executab...ats File System Automount Point.
[   52.818780] systemd[1]: Listening on LVM2 poll daemon socket.
[[0;32m  OK  [0m] Listening on LVM2 poll daemon socket.
[   52.820731] systemd[1]: Listening on Journal Audit Socket.
[[0;32m  OK  [0m] Listening on Journal Audit Socket.
[   52.876408] systemd[1]: Listening on Journal Socket.
[[0;32m  OK  [0m] Listening on Journal Socket.
[   53.070417] systemd[1]: Listening on udev Kernel Socket.
[[0;32m  OK  [0m] Listening on udev Kernel Socket.
[   53.292030] systemd[1]: Listening on udev Control Socket.
[[0;32m  OK  [0m] Listening on udev Control Socket.
[   53.520134] systemd[1]: Listening on Device-mapper event daemon FIFOs.
[[0;32m  OK  [0m] Listening on Device-mapper event daemon FIFOs.
[   53.784704] systemd[1]: Listening on /dev/initctl Compatibility Named Pipe.
[[0;32m  OK  [0m] Listening on /dev/initctl Compatibility Named Pipe.
[   54.032612] systemd[1]: Created slice User and Session Slice.
[   54.212025] random: nonblocking pool is initialized
[[0;32m  OK  [0m] Created slice User and Session Slice.
[   54.424321] systemd[1]: Created slice System Slice.
[[0;32m  OK  [0m] Created slice System Slice.
[   54.640195] systemd[1]: Starting Create list of required static device nodes for the current kernel...
         Starting Create list of required st... nodes for the current kernel...
[   54.959745] systemd[1]: Starting Uncomplicated firewall...
         Starting Uncomplicated firewall...
[   55.160705] systemd[1]: Starting Load Kernel Modules...
         Starting Load Ke[   55.311054] Loading iSCSI transport class v2.0-870.
rnel Modules...[   55.611074] iscsi: registered transport (tcp)

[   55.863811] systemd[1]: Mounting Huge Pages File System...
         Mounting Huge Pages File System...
[   56.042225] iscsi: registered transport (iser)
[   56.108118] systemd[1]: Starting Nameserver information manager...
         Starting Nameserver information manager...
[   56.336174] systemd[1]: Reached target Slices.
[[0;32m  OK  [0m] Reached target Slices.
[   56.501948] systemd[1]: Reached target Swap.
[[0;32m  OK  [0m] Reached target Swap.
[   56.509312] systemd[1]: Reached target Encrypted Volumes.
[[0;32m  OK  [0m] Reached target Encrypted Volumes.
[   56.556134] systemd[1]: Created slice system-serial\x2dgetty.slice.
[[0;32m  OK  [0m] Created slice system-serial\x2dgetty.slice.
[   56.796348] systemd[1]: Mounting POSIX Message Queue File System...
         Mounting POSIX Message Queue File System...
[   57.024328] systemd[1]: Started Forward Password Requests to Wall Directory Watch.
[[0;32m  OK  [0m] Started Forward Password Requests to Wall Directory Watch.
[   57.327987] systemd[1]: Starting Remount Root and Kernel File Systems...
         [   57.517601] EXT4-fs (sda1): re-mounted. Opts: (null)
Starting Remount Root and Kernel File Systems...
[   57.788273] systemd[1]: Listening on LVM2 metadata daemon socket.
[[0;32m  OK  [0m] Listening on LVM2 metadata daemon socket.
[   58.044304] systemd[1]: Starting Monitoring of LVM2 mirrors, snapshots etc. using dmeventd or progress polling...
         Starting Monitoring of LVM2 mirrors... dmeventd or progress polling...
[   58.293759] systemd[1]: Starting Set console keymap...
         Starting Set console keymap...
[   58.480309] systemd[1]: Listening on Syslog Socket.
[[0;32m  OK  [0m] Listening on Syslog Socket.
[   58.744368] systemd[1]: Starting Journal Service...
         Starting Journal Service...
[   58.980111] systemd[1]: Mounting Debug File System...
         Mounting Debug File System...
[   59.264421] systemd[1]: Mounted Huge Pages File System.
[[0;32m  OK  [0m] Mounted Huge Pages File System.
[   59.270218] systemd[1]: Mounted Debug File System.
[[0;32m  OK  [0m] Mounted Debug File System.
[   59.304532] systemd[1]: Mounted POSIX Message Queue File Syttem.
[[0;32m  OK  [0m] Mounted POSIX Message Queue File System.
[   59.588654]ssystemd[1]: Started Journal Service.
[[0;32m  OK  [0m] Started Journal Service.
[[0;32m  OK  [0m] Started Create list of required sta...ce nodes for the current kernel.
[[0;32m  OK  [0m] Started Uncomplicated firewall.
[[0;32m  OK  [0m] Started Load Kernel Modules.
[[0;32m  OK  [0m] Started Remount Root and Kernel File Systems.
[[0;32m  OK  [0m] Started Set console keymap.
[[0;32m  OK  [0m] Started Nameserver information manager.
[[0;32m  OK  [0m] Started LVM2 metadata daemon.
         Starting udev Coldplug all Devices...
         Starting Load/Save Random Seed...
         Starting Initial cloud-init job (pre-networking)...
         Starting Apply Kernel Variables...
         Mounting FUSE Control File System...
         Starting Create Static Device Nodes in /dev...
         Starting Flush Journal to Persistent Storage...
[[0;32m  OK  [0m] Mounted FUSE Control File System.
[[0;32m  OK  [0m] Started Monitoring of LVM2 mirrors,...ng dmeventd or progress polling.
[[0;32m  OK  [0m] Started Load/Save Random Seed.
[[0;32m  OK  [0m] Started Apply Kernel Variables.
[[0;32m  OK  [0m] Started Create Static Device Nodes in /dev.
[[0;32m  OK  [0m] Started udev Coldplug all Devices.
[[0;32m  OK  [0m] Started Flush Journal to Persistent Storage.
         Starting udev Kernel Device Manager...
[[0;32m  OK  [0m] Started udev Kernel Device Manager.
         Starting LSB: QEMU KVM module loading script...
[[0;32m  OK  [0m] Started Dispatch Password Requests to Console Directory Watch.
[[0;32m  OK  [0m] Reached target Local File Systems (Pre).
[[0;32m  OK  [0m] Reached target Local File Systems.
         Starting Set console font and keymap...
         Starting LSB: AppArmor initialization...
         Starting Tell Plymouth To Write Out Runtime Data...
         Starting Create Volatile Files and Directories...
[   36.564344] cloud-init[483]: Cloud-init v. 0.7.8 running 'init-local' at Wed, 29 Mar 2017 11:06:06 +0000. Up 36.19 seconds.
         Starting Enable support for additional executable binary formats...
[[0;32m  OK  [0m] Started Set console font and keymap.
[[0;32m  OK  [0m] Started Tell Plymouth To Write Out Runtime Data.
[[0;32m  OK  [0m] Started Create Volatile Files and Directories.
[[0;32m  OK  [0m] Started Initial cloud-init job (pre-networking).
[[0;32m  OK  [0m] Found device /dev/ttyS0.
[[0;32m  OK  [0m] Started LSB: QEMU KVM module loading script.
[[0;32m  OK  [0m] Listening on Load/Save RF Kill Switch Status /dev/rfkill Watch.
         Mounting Arbitrary Executable File Formats File System...
[[0;32m  OK  [0m] Reached target Network (Pre).
[[0;32m  OK  [0m] Reached target System Time Synchronized.
         Starting Update UTMP about System Boot/Shutdown...
[[0;32m  OK  [0m] Created slice system-getty.slice.
[[0;32m  OK  [0m] Mounted Arbitrary Executable File Formats File System.
[[0;32m  OK  [0m] Started LSB: AppArmor initialization.
[[0;32m  OK  [0m] Started ifup for enp0s3.
         Starting Raise network interfaces...
[[0;32m  OK  [0m] Started Enable support for additional executable binary formats.
[[0;32m  OK  [0m] Started Update UTMP about System Boot/Shutdown.
[[0;32m  OK  [0m] Started Raise network interfaces.
[[0;32m  OK  [0m] Reached target Network.
         Starting Initial cloud-init job (metadata service crawler)...
[   39.769463] cloud-init[1091]: Cloud-init v. 0.7.8 running 'init' at Wed, 29 Mar 2017 11:06:10 +0000. Up 39.55 seconds.
[   39.900410] [cloud-init[0;32m  OK  [0m[1091]: ] ci-info: +++++++++++++++++++++++++++++++++++++Net device info+++++++++++++++++++++++++++++++++++++Started Initial cloud-init job (metadata service crawler).

[   39.900830] cloud-init[1091]: ci-info: +--------+------+---------------------------+---------------+-------+-------------------+
[   40.156936] [cloud-init[0;32m  OK  [0m[1091]: ] ci-info: | Device |  Up  |          Address          |      Mask     | Scope |     Hw-Address    |Reached target System Initialization.

[[0;32m  OK  [0m] Started Daily Cleanup of Temporary Directories.
[   40.157378] cloud-init[1091]: ci-info: +--------+------+---------------------------+---------------+-------+-------------------+
[   40.516554]          cloud-initStarting Socket activation for snappy daemon.[1091]: 
ci-info: | enp0s3 | True |         10.0.2.15         | 255.255.255.0 |   .   | 02:06:6d:81:c6:8d |
[   40.672479] [cloud-init[0;32m  OK  [0m[1091]: ] ci-info: | enp0s3 | True | fe80::6:6dff:fe81:c68d/64 |       .       |  link | 02:06:6d:81:c6:8d |Started ACPI Events Check.

[   40.673055] [cloud-init[0;32m  OK  [0m[1091]: ] ci-info: |   lo   | True |         127.0.0.1         |   255.0.0.0   |   .   |         .         |Listening on D-Bus System Message Bus Socket.

[   40.805782] cloud-init[1091]: ci-info: |   lo   | True |          ::1/128          |       .       |  host |         .         |
[   41.010461] [[0;32m  OK  [0m] Started Timer to automatically refresh installed snaps.
[[0;32m  OK  [0m] Started Trigger resolvconf update for networkd DNS.
[[0;32m  OK  [0m] Reached target Paths.
[[0;32m  OK  [0m] Started Daily apt activities.
[[0;32m  OK  [0m] Reached target Timers.
[[0;32m  OK  [0m] Listening on UUID daemon activation socket.
cloud-init[1091]: ci-info: +--------+------+---------------------------+---------------+-------+-------------------+
[   41.256487]          cloud-initStarting LXD - unix socket.[1091]: 
ci-info: +++++++++++++++++++++++++++Route IPv4 info++++++++++++++++++++++++++++
[   41.396657] [cloud-init[0;32m  OK  [0m[1091]: ] ci-info: +-------+-------------+----------+---------------+-----------+-------+Listening on ACPID Listen Socket.

[   41.564634] [cloud-init[0;32m  OK  [0m[1091]: ] ci-info: | Route | Destination | Gateway  |    Genmask    | Interface | Flags |Reached target Cloud-config availability.

[[0;32m  OK  [0m] Reached target Network is Online.
[   41.565199] cloud-init[1091]: ci-info: +-------+-------------+----------+---------------+-----------+-------+
[   41.901054]          cloud-initStarting iSCSI initiator daemon (iscsid)...[1091]: 
ci-info: |   0   |   0.0.0.0   | 10.0.2.2 |    0.0.0.0    |   enp0s3  |   UG  |
[   41.901843] cloud-init[1091]: ci-info: |   1   |   10.0.2.0  | 0.0.0.0  | 255.255.255.0 |   enp0s3  |   U   |
[   42.124685] [cloud-init[0;32m  OK  [0m[1091]: ] ci-info: +-------+-------------+----------+---------------+-----------+-------+Listening on Socket activation for snappy daemon.

[[0;32m  OK  [0m] Listening on LXD - unix socket.
[[0;32m  OK  [0m] Reached target Sockets.
[[0;32m  OK  [0m] Reached target Basic System.
         Starting LSB: MD monitoring daemon...
[[0;32m  OK  [0m] Started Regular background program processing daemon.
         Starting OpenBSD Secure Shell server...
[[0;32m  OK  [0m] Started D-Bus System Message Bus.
         Starting LSB: Record successful boot for GRUB...
[[0;32m  OK  [0m] Started Snappy daemon.
         Starting Auto import assertions from block devices...
[[0;32m  OK  [0m] Started FUSE filesystem for LXC.
         Starting /etc/rc.local Compatibility...
[[0;32m  OK  [0m] Started Deferred execution scheduler.
         Starting System Logging Service...
         Starting LXD - container startup/shutdown...
         Starting Accounts Service...
[[0;32m  OK  [0m] Started ACPI event daemon.
         Starting Apply the settings specified in cloud-config...
         Starting Login Service...
[[0;32m  OK  [0m] Started OpenBSD Secure Shell server.
[[0;32m  OK  [0m] Started System Logging Service.
[[0;32m  OK  [0m] Started iSCSI initiator daemon (iscsid).
[[0;32m  OK  [0m] Started Auto import assertions from block devices.
[[0;32m  OK  [0m] Started /etc/rc.local Compatibility.
[   43.385859] cloud-init[1204]: Cloud-init v. 0.7.8 running 'modules:config' at Wed, 29 Mar 2017 11:06:13 +0000. Up 43.31 seconds.
[[0;32m  OK  [0m] Started LXD - container startup/shutdown.
[[0;32m  OK  [0m] Started Apply the settings specified in cloud-config.
[[0;32m  OK  [0m] Started LSB: Record successful boot for GRUB.
[[0;32m  OK  [0m] Started LSB: MD monitoring daemon.
[[0;32m  OK  [0m] Started Login Service.
         Starting Authenticate and Authorize Users to Run Privileged Tasks...
         Starting Login to default iSCSI targets...
[[0;32m  OK  [0m] Started Authenticate and Authorize Users to Run Privileged Tasks.
[[0;32m  OK  [0m] Started Accounts Service.
[[0;32m  OK  [0m] Started Login to default iSCSI targets.
[[0;32m  OK  [0m] Reached target Remote File Systems (Pre).
[[0;32m  OK  [0m] Reached target Remote File Systems.
         Starting Permit User Sessions...
         Starting LSB: automatic crash report generation...
         Starting LSB: VirtualBox Linux Additions...
         Starting LSB: Set the CPU Frequency Scaling governor to "ondemand"...
         Starting LSB: daemon to balance interrupts for SMP systems...
[[0;32m  OK  [0m] Started Permit User Sessions.
         Starting Terminate Plymouth Boot Screen...
         Starting Hold until boot process finishes up...
[[0;32m  OK  [0m] Started LSB: automatic crash report generation.
[[0;32m  OK  [0m] Started LSB: VirtualBox Linux Additions.
[[0;32m  OK  [0m] Started LSB: Set the CPU Frequency Scaling governor to "ondemand".
[[0;32m  OK  [0m] Started LSB: daemon to balance interrupts for SMP systems.
[[0;32m  OK  [0m] Started Terminate Plymouth Boot Screen.
[[0;32m  OK  [0m] Started Hold until boot process finishes up.
         Starting Set console scheme...
[[0;32m  OK  [0m] Started Getty on tty1.
[[0;32m  OK  [0m] Started Serial Getty on ttyS0.
[[0;32m  OK  [0m] Reached target Login Prompts.
[[0;32m  OK  [0m] Reached target Multi-User System.
         Starting Execute cloud user/final scripts...
[[0;32m  OK  [0m] Reached target Graphical Interface.
         Starting Update UTMP about System Runlevel Changes...
[[0;32m  OK  [0m] Started Set console scheme.
[   45.709626] cloud-init[1317]: Cloud-init v. 0.7.8 running 'modules:final' at Wed, 29 Mar 2017 11:06:16 +0000. Up 45.61 seconds.
[   45.840648] cloud-init[1317]: Cloud-init v. 0.7.8 finished at Wed, 29 Mar 2017 11:06:16 +0000. Datasource DataSourceNoCloud [seed=/dev/sdb][dsmode=net].  Up 45.70 seconds
[[0;32m  OK  [0m] Started Update UTMP about System Runlevel Changes.
[[0;32m  OK  [0m] Started Execute cloud user/final scripts.
[[0;32m  OK  [0m] Reached target Cloud-init target.

Ubuntu 16.04.1 LTS ubuntu-xenial ttyS0

ubuntu-xenial login: 